
> vault7641-client@0.0.0 build
> next build

   ▲ Next.js 15.5.0
   - Environments: .env.local

   Creating an optimized production build ...
 ✓ Compiled successfully in 11.1s
   Linting and checking validity of types ...

./src/app/sandbox/page.tsx
12:8  Warning: 'Image' is defined but never used.  @typescript-eslint/no-unused-vars
706:19  Warning: Using `<img>` could result in slower LCP and higher bandwidth. Consider using `<Image />` from `next/image` or a custom image loader to automatically optimize images. This may incur additional usage or cost from your provider. See: https://nextjs.org/docs/messages/no-img-element  @next/next/no-img-element

./src/components/sandbox/sandbox-image-tester.tsx
198:6  Warning: React Hook useCallback has an unnecessary dependency: 'buildImageUrl'. Either exclude it or remove the dependency array.  react-hooks/exhaustive-deps

./src/components/vault/guild-selection-feature.tsx
450:23  Warning: 'tokenId' is assigned a value but never used.  @typescript-eslint/no-unused-vars
451:23  Warning: 'gender' is assigned a value but never used.  @typescript-eslint/no-unused-vars

info  - Need to disable some ESLint rules? Learn more here: https://nextjs.org/docs/app/api-reference/config/eslint#disabling-rules
Failed to compile.

./src/app/sandbox/page.tsx:113:46
Type error: Argument of type 'ConstructableWebToken' is not assignable to parameter of type 'ConstructableWebToken<[TokenConfigTrimmed<string | object, any>]>'.
  Types of parameters 'args_0' and 'args_0' are incompatible.
    Type 'import("/Users/manoloenriquez/Documents/Projects/Vault 7641/vault7641-client/node_modules/@irys/web-upload/dist/types/builder").TokenConfigTrimmed<string | object, any>' is not assignable to type 'import("/Users/manoloenriquez/Documents/Projects/Vault 7641/vault7641-client/node_modules/@irys/web-upload-solana/node_modules/@irys/web-upload/dist/types/builder").TokenConfigTrimmed<string | object, any>'.
      The types of 'irys.api' are incompatible between these types.
        Type 'import("/Users/manoloenriquez/Documents/Projects/Vault 7641/vault7641-client/node_modules/@irys/web-upload/node_modules/@irys/upload-core/dist/types/api").Api' is not assignable to type 'import("/Users/manoloenriquez/Documents/Projects/Vault 7641/vault7641-client/node_modules/@irys/upload-core/dist/types/api").Api'.
          Property '_instance' is protected but type 'Api' is not a class derived from 'Api'.

[0m [90m 111 |[39m       [36mconst[39m { [33mWebSolana[39m } [33m=[39m [36mawait[39m [36mimport[39m([32m'@irys/web-upload-solana'[39m)
 [90m 112 |[39m
[31m[1m>[22m[39m[90m 113 |[39m       [36mconst[39m irysUploader [33m=[39m [36mawait[39m [33mWebUploader[39m([33mWebSolana[39m)
 [90m     |[39m                                              [31m[1m^[22m[39m
 [90m 114 |[39m         [33m.[39mwithProvider(wallet)
 [90m 115 |[39m         [33m.[39mwithRpc(connection[33m.[39mrpcEndpoint)
 [90m 116 |[39m       [0m
Next.js build worker exited with code: 1 and signal: null
